{
  "_meta": {
    "prompt": "chain-of-thought-structured",
    "version": "1.0.0",
    "test_input": "chain-of-thought-scenario-1.txt",
    "last_updated": "2025-09-05",
    "platform_tested": "ChatGPT 4",
    "quality_score": "high"
  },
  "output": {
    "decision": "Contract freelance development team",
    "reasoning_steps": [
      "Cost analysis: $60K freelance vs $80K+ full-time fits $85K budget constraint",
      "Timeline assessment: 4-month deadline achievable with experienced team",
      "Risk evaluation: Freelance provides expertise transfer without long-term commitment",
      "Stakeholder alignment: Satisfies cost-conscious owner and quality-focused PM"
    ],
    "confidence": "high",
    "alternative_considered": "Full-time hire exceeds budget and has longer onboarding time",
    "implementation_plan": "Contract includes knowledge transfer and 90-day support period"
  }
}
